// Vitest Snapshot v1, https://vitest.dev/guide/snapshot.html

exports[`projection golden > preserves every standing and absent reason under both grants 1`] = `
{
  "granted": {
    "fleet": [
      {
        "caveats": [],
        "crossSite": false,
        "direction": "request",
        "display": "placed",
        "enabled": true,
        "header": "x-placed",
        "headerKey": "x-placed",
        "key": "rule:["active","placed",0]",
        "operation": "set",
        "outcome": {
          "kind": "placed",
          "scope": {
            "domains": [
              "fixture.test",
            ],
            "kind": "sites",
          },
        },
        "paused": false,
        "profileId": "active",
        "provenance": {
          "badgeText": "AC",
          "color": "blue",
          "name": "Active",
          "profileId": "active",
        },
        "ruleId": "placed",
        "scope": {
          "domains": [
            "fixture.test",
          ],
          "type": "domains",
        },
        "secret": false,
      },
      {
        "caveats": [],
        "crossSite": false,
        "direction": "request",
        "display": "off",
        "enabled": false,
        "header": "x-off",
        "headerKey": "x-off",
        "key": "rule:["active","off",0]",
        "operation": "set",
        "outcome": {
          "kind": "absent",
          "reason": {
            "kind": "off",
          },
        },
        "paused": false,
        "profileId": "active",
        "provenance": {
          "badgeText": "AC",
          "color": "blue",
          "name": "Active",
          "profileId": "active",
        },
        "ruleId": "off",
        "scope": {
          "domains": [
            "fixture.test",
          ],
          "type": "domains",
        },
        "secret": false,
      },
      {
        "caveats": [],
        "crossSite": false,
        "direction": "request",
        "display": "refused",
        "enabled": true,
        "header": ":authority",
        "headerKey": ":authority",
        "key": "rule:["active","refused",0]",
        "operation": "set",
        "outcome": {
          "kind": "absent",
          "reason": {
            "kind": "refused",
            "reason": "header",
          },
        },
        "paused": false,
        "profileId": "active",
        "provenance": {
          "badgeText": "AC",
          "color": "blue",
          "name": "Active",
          "profileId": "active",
        },
        "ruleId": "refused",
        "scope": {
          "domains": [
            "fixture.test",
          ],
          "type": "domains",
        },
        "secret": false,
      },
      {
        "caveats": [],
        "crossSite": false,
        "direction": "request",
        "display": "ungranted",
        "enabled": true,
        "header": "x-ungranted",
        "headerKey": "x-ungranted",
        "key": "rule:["active","ungranted",0]",
        "operation": "set",
        "outcome": {
          "kind": "placed",
          "scope": {
            "domains": [
              "ungranted.fixture.test",
            ],
            "kind": "sites",
          },
        },
        "paused": false,
        "profileId": "active",
        "provenance": {
          "badgeText": "AC",
          "color": "blue",
          "name": "Active",
          "profileId": "active",
        },
        "ruleId": "ungranted",
        "scope": {
          "domains": [
            "ungranted.fixture.test",
          ],
          "type": "domains",
        },
        "secret": false,
      },
      {
        "caveats": [],
        "crossSite": false,
        "direction": "request",
        "display": "ungranted-initiator",
        "enabled": true,
        "header": "x-ungranted-initiator",
        "headerKey": "x-ungranted-initiator",
        "key": "rule:["active","ungranted-initiator",0]",
        "operation": "set",
        "outcome": {
          "kind": "runs-if-matched",
          "scope": {
            "domains": [
              "fixture.test",
            ],
            "kind": "sites",
          },
          "undecidable": "initiator-domains",
        },
        "paused": false,
        "profileId": "active",
        "provenance": {
          "badgeText": "AC",
          "color": "blue",
          "name": "Active",
          "profileId": "active",
        },
        "ruleId": "ungranted-initiator",
        "scope": {
          "domains": [
            "fixture.test",
          ],
          "type": "domains",
        },
        "secret": false,
      },
      {
        "caveats": [],
        "crossSite": true,
        "direction": "request",
        "display": "over-limit",
        "enabled": true,
        "header": "x-over-limit",
        "headerKey": "x-over-limit",
        "key": "rule:["active","over-limit",0]",
        "operation": "set",
        "outcome": {
          "kind": "absent",
          "reason": {
            "kind": "over-limit",
            "limit": "regex",
          },
        },
        "paused": false,
        "profileId": "active",
        "provenance": {
          "badgeText": "AC",
          "color": "blue",
          "name": "Active",
          "profileId": "active",
        },
        "ruleId": "over-limit",
        "scope": {
          "hosts": [
            "overflow.fixture.test",
          ],
          "regex": "^https://overflow.fixture.test/",
          "type": "regex",
        },
        "secret": false,
      },
      {
        "caveats": [],
        "crossSite": false,
        "direction": "request",
        "display": "container",
        "enabled": true,
        "header": "x-contained",
        "headerKey": "x-contained",
        "key": "rule:["active","container",0]",
        "operation": "set",
        "outcome": {
          "kind": "placed",
          "scope": {
            "domains": [
              "fixture.test",
            ],
            "kind": "sites",
          },
        },
        "paused": false,
        "profileId": "active",
        "provenance": {
          "badgeText": "AC",
          "color": "blue",
          "name": "Active",
          "profileId": "active",
        },
        "ruleId": "container",
        "scope": {
          "domains": [
            "fixture.test",
          ],
          "type": "domains",
        },
        "secret": false,
      },
      {
        "caveats": [],
        "crossSite": false,
        "direction": "request",
        "display": "contained",
        "enabled": true,
        "header": "x-contained",
        "headerKey": "x-contained",
        "key": "rule:["active","contained",0]",
        "operation": "set",
        "outcome": {
          "by": "rule:["active","container",0]",
          "kind": "shadowed",
          "label": "x-contained rule",
          "scope": {
            "domains": [
              "fixture.test",
            ],
            "kind": "sites",
          },
        },
        "paused": false,
        "profileId": "active",
        "provenance": {
          "badgeText": "AC",
          "color": "blue",
          "name": "Active",
          "profileId": "active",
        },
        "ruleId": "contained",
        "scope": {
          "domains": [
            "fixture.test",
          ],
          "type": "domains",
        },
        "secret": false,
      },
      {
        "caveats": [],
        "crossSite": false,
        "direction": "request",
        "display": "spanning",
        "enabled": true,
        "header": "x-spanning",
        "headerKey": "x-spanning",
        "key": "rule:["active","spanning",0]",
        "operation": "set",
        "outcome": {
          "kind": "placed",
          "scope": {
            "domains": [
              "fixture.test",
              "ungranted.example",
            ],
            "kind": "sites",
          },
        },
        "paused": false,
        "profileId": "active",
        "provenance": {
          "badgeText": "AC",
          "color": "blue",
          "name": "Active",
          "profileId": "active",
        },
        "ruleId": "spanning",
        "scope": {
          "domains": [
            "fixture.test",
            "ungranted.example",
          ],
          "type": "domains",
        },
        "secret": false,
      },
      {
        "caveats": [],
        "crossSite": true,
        "direction": "request",
        "display": "broad",
        "enabled": true,
        "header": "x-broad",
        "headerKey": "x-broad",
        "key": "rule:["active","broad",0]",
        "operation": "set",
        "outcome": {
          "kind": "placed",
          "scope": {
            "kind": "broad",
          },
        },
        "paused": false,
        "profileId": "active",
        "provenance": {
          "badgeText": "AC",
          "color": "blue",
          "name": "Active",
          "profileId": "active",
        },
        "ruleId": "broad",
        "scope": {
          "type": "all",
        },
        "secret": false,
      },
      {
        "caveats": [
          "security-response",
        ],
        "crossSite": false,
        "direction": "response",
        "display": "secured",
        "enabled": true,
        "header": "content-security-policy",
        "headerKey": "content-security-policy",
        "key": "rule:["active","secured",0]",
        "operation": "set",
        "outcome": {
          "kind": "placed",
          "scope": {
            "domains": [
              "fixture.test",
            ],
            "kind": "sites",
          },
        },
        "paused": false,
        "profileId": "active",
        "provenance": {
          "badgeText": "AC",
          "color": "blue",
          "name": "Active",
          "profileId": "active",
        },
        "ruleId": "secured",
        "scope": {
          "domains": [
            "fixture.test",
          ],
          "type": "domains",
        },
        "secret": false,
      },
      {
        "caveats": [],
        "crossSite": false,
        "direction": "request",
        "display": "other-profile",
        "enabled": true,
        "header": "x-other-profile",
        "headerKey": "x-other-profile",
        "key": "rule:["inactive","other-profile",0]",
        "operation": "set",
        "outcome": {
          "kind": "absent",
          "reason": {
            "kind": "other-profile",
            "profileName": "Inactive",
          },
        },
        "paused": false,
        "profileId": "inactive",
        "provenance": {
          "badgeText": "IN",
          "color": "slate",
          "name": "Inactive",
          "profileId": "inactive",
        },
        "ruleId": "other-profile",
        "scope": {
          "domains": [
            "fixture.test",
          ],
          "type": "domains",
        },
        "secret": false,
      },
    ],
    "readout": {
      "held": 0,
      "host": "fixture.test",
      "listed": 9,
      "needsAccess": 0,
      "overridden": 1,
      "overrides": [],
      "refused": 1,
      "request": [
        {
          "caveats": [],
          "direction": "request",
          "display": "placed",
          "enabled": true,
          "header": "x-placed",
          "key": "rule:["active","placed",0]",
          "operation": "set",
          "outcome": {
            "kind": "runs",
          },
          "paused": false,
          "profileId": "active",
          "ruleId": "placed",
          "secret": false,
          "source": "rule",
          "value": "placed",
        },
        {
          "caveats": [],
          "direction": "request",
          "display": "off",
          "enabled": false,
          "header": "x-off",
          "key": "rule:["active","off",0]",
          "operation": "set",
          "outcome": {
            "kind": "absent",
            "reason": {
              "kind": "off",
            },
          },
          "paused": false,
          "profileId": "active",
          "ruleId": "off",
          "secret": false,
          "source": "rule",
          "value": "off",
        },
        {
          "caveats": [],
          "direction": "request",
          "display": "refused",
          "enabled": true,
          "header": ":authority",
          "key": "rule:["active","refused",0]",
          "operation": "set",
          "outcome": {
            "kind": "absent",
            "reason": {
              "kind": "refused",
              "reason": "header",
            },
          },
          "paused": false,
          "profileId": "active",
          "ruleId": "refused",
          "secret": false,
          "source": "rule",
          "value": "refused",
        },
        {
          "caveats": [],
          "direction": "request",
          "display": "ungranted-initiator",
          "enabled": true,
          "header": "x-ungranted-initiator",
          "key": "rule:["active","ungranted-initiator",0]",
          "operation": "set",
          "outcome": {
            "kind": "runs-if-matched",
            "undecidable": "initiator-domains",
          },
          "paused": false,
          "profileId": "active",
          "ruleId": "ungranted-initiator",
          "secret": false,
          "source": "rule",
          "value": "ungranted-initiator",
        },
        {
          "caveats": [],
          "direction": "request",
          "display": "container",
          "enabled": true,
          "header": "x-contained",
          "key": "rule:["active","container",0]",
          "operation": "set",
          "outcome": {
            "kind": "runs",
          },
          "paused": false,
          "profileId": "active",
          "ruleId": "container",
          "secret": false,
          "source": "rule",
          "value": "container",
        },
        {
          "caveats": [],
          "direction": "request",
          "display": "contained",
          "enabled": true,
          "header": "x-contained",
          "key": "rule:["active","contained",0]",
          "operation": "set",
          "outcome": {
            "by": "rule:["active","container",0]",
            "kind": "shadowed",
            "label": "x-contained rule",
          },
          "paused": false,
          "profileId": "active",
          "ruleId": "contained",
          "secret": false,
          "source": "rule",
          "value": "contained",
        },
        {
          "caveats": [],
          "direction": "request",
          "display": "spanning",
          "enabled": true,
          "header": "x-spanning",
          "key": "rule:["active","spanning",0]",
          "operation": "set",
          "outcome": {
            "kind": "runs",
          },
          "paused": false,
          "profileId": "active",
          "ruleId": "spanning",
          "secret": false,
          "source": "rule",
          "value": "spanning",
          "widerReach": 1,
        },
        {
          "caveats": [],
          "direction": "request",
          "display": "broad",
          "enabled": true,
          "header": "x-broad",
          "key": "rule:["active","broad",0]",
          "operation": "set",
          "outcome": {
            "kind": "runs",
          },
          "paused": false,
          "profileId": "active",
          "ruleId": "broad",
          "secret": false,
          "source": "rule",
          "value": "broad",
          "widerReach": "broad",
        },
      ],
      "response": [
        {
          "caveats": [
            "security-response",
          ],
          "direction": "response",
          "display": "secured",
          "enabled": true,
          "header": "content-security-policy",
          "key": "rule:["active","secured",0]",
          "operation": "set",
          "outcome": {
            "kind": "runs",
          },
          "paused": false,
          "profileId": "active",
          "ruleId": "secured",
          "secret": false,
          "source": "rule",
          "value": "secured",
        },
      ],
      "security": 1,
      "total": 6,
      "transport": 0,
      "unconfirmed": 1,
    },
  },
  "restricted": {
    "fleet": [
      {
        "caveats": [],
        "crossSite": false,
        "direction": "request",
        "display": "placed",
        "enabled": true,
        "header": "x-placed",
        "headerKey": "x-placed",
        "key": "rule:["active","placed",0]",
        "operation": "set",
        "outcome": {
          "kind": "partial",
          "reason": {
            "kind": "ungranted",
            "missing": [
              "*://*.fixture.test/*",
            ],
          },
          "scope": {
            "domains": [
              "fixture.test",
            ],
            "kind": "sites",
            "origins": [
              "https://fixture.test",
            ],
          },
        },
        "paused": false,
        "profileId": "active",
        "provenance": {
          "badgeText": "AC",
          "color": "blue",
          "name": "Active",
          "profileId": "active",
        },
        "ruleId": "placed",
        "scope": {
          "domains": [
            "fixture.test",
          ],
          "type": "domains",
        },
        "secret": false,
      },
      {
        "caveats": [],
        "crossSite": false,
        "direction": "request",
        "display": "off",
        "enabled": false,
        "header": "x-off",
        "headerKey": "x-off",
        "key": "rule:["active","off",0]",
        "operation": "set",
        "outcome": {
          "kind": "absent",
          "reason": {
            "kind": "off",
          },
        },
        "paused": false,
        "profileId": "active",
        "provenance": {
          "badgeText": "AC",
          "color": "blue",
          "name": "Active",
          "profileId": "active",
        },
        "ruleId": "off",
        "scope": {
          "domains": [
            "fixture.test",
          ],
          "type": "domains",
        },
        "secret": false,
      },
      {
        "caveats": [],
        "crossSite": false,
        "direction": "request",
        "display": "refused",
        "enabled": true,
        "header": ":authority",
        "headerKey": ":authority",
        "key": "rule:["active","refused",0]",
        "operation": "set",
        "outcome": {
          "kind": "absent",
          "reason": {
            "kind": "refused",
            "reason": "header",
          },
        },
        "paused": false,
        "profileId": "active",
        "provenance": {
          "badgeText": "AC",
          "color": "blue",
          "name": "Active",
          "profileId": "active",
        },
        "ruleId": "refused",
        "scope": {
          "domains": [
            "fixture.test",
          ],
          "type": "domains",
        },
        "secret": false,
      },
      {
        "caveats": [],
        "crossSite": false,
        "direction": "request",
        "display": "ungranted",
        "enabled": true,
        "header": "x-ungranted",
        "headerKey": "x-ungranted",
        "key": "rule:["active","ungranted",0]",
        "operation": "set",
        "outcome": {
          "kind": "absent",
          "reason": {
            "kind": "ungranted",
            "missing": [
              "*://*.ungranted.fixture.test/*",
            ],
          },
        },
        "paused": false,
        "profileId": "active",
        "provenance": {
          "badgeText": "AC",
          "color": "blue",
          "name": "Active",
          "profileId": "active",
        },
        "ruleId": "ungranted",
        "scope": {
          "domains": [
            "ungranted.fixture.test",
          ],
          "type": "domains",
        },
        "secret": false,
      },
      {
        "caveats": [],
        "crossSite": false,
        "direction": "request",
        "display": "ungranted-initiator",
        "enabled": true,
        "header": "x-ungranted-initiator",
        "headerKey": "x-ungranted-initiator",
        "key": "rule:["active","ungranted-initiator",0]",
        "operation": "set",
        "outcome": {
          "kind": "absent",
          "reason": {
            "kind": "ungranted-initiator",
            "missing": [
              "*://*.initiator.fixture.test/*",
            ],
          },
        },
        "paused": false,
        "profileId": "active",
        "provenance": {
          "badgeText": "AC",
          "color": "blue",
          "name": "Active",
          "profileId": "active",
        },
        "ruleId": "ungranted-initiator",
        "scope": {
          "domains": [
            "fixture.test",
          ],
          "type": "domains",
        },
        "secret": false,
      },
      {
        "caveats": [],
        "crossSite": true,
        "direction": "request",
        "display": "over-limit",
        "enabled": true,
        "header": "x-over-limit",
        "headerKey": "x-over-limit",
        "key": "rule:["active","over-limit",0]",
        "operation": "set",
        "outcome": {
          "kind": "absent",
          "reason": {
            "kind": "ungranted",
            "missing": [
              "*://*.overflow.fixture.test/*",
            ],
          },
        },
        "paused": false,
        "profileId": "active",
        "provenance": {
          "badgeText": "AC",
          "color": "blue",
          "name": "Active",
          "profileId": "active",
        },
        "ruleId": "over-limit",
        "scope": {
          "hosts": [
            "overflow.fixture.test",
          ],
          "regex": "^https://overflow.fixture.test/",
          "type": "regex",
        },
        "secret": false,
      },
      {
        "caveats": [],
        "crossSite": false,
        "direction": "request",
        "display": "container",
        "enabled": true,
        "header": "x-contained",
        "headerKey": "x-contained",
        "key": "rule:["active","container",0]",
        "operation": "set",
        "outcome": {
          "kind": "partial",
          "reason": {
            "kind": "ungranted",
            "missing": [
              "*://*.fixture.test/*",
            ],
          },
          "scope": {
            "domains": [
              "fixture.test",
            ],
            "kind": "sites",
            "origins": [
              "https://fixture.test",
            ],
          },
        },
        "paused": false,
        "profileId": "active",
        "provenance": {
          "badgeText": "AC",
          "color": "blue",
          "name": "Active",
          "profileId": "active",
        },
        "ruleId": "container",
        "scope": {
          "domains": [
            "fixture.test",
          ],
          "type": "domains",
        },
        "secret": false,
      },
      {
        "caveats": [],
        "crossSite": false,
        "direction": "request",
        "display": "contained",
        "enabled": true,
        "header": "x-contained",
        "headerKey": "x-contained",
        "key": "rule:["active","contained",0]",
        "operation": "set",
        "outcome": {
          "by": "rule:["active","container",0]",
          "kind": "shadowed",
          "label": "x-contained rule",
          "scope": {
            "domains": [
              "fixture.test",
            ],
            "kind": "sites",
            "origins": [
              "https://fixture.test",
            ],
          },
        },
        "paused": false,
        "profileId": "active",
        "provenance": {
          "badgeText": "AC",
          "color": "blue",
          "name": "Active",
          "profileId": "active",
        },
        "ruleId": "contained",
        "scope": {
          "domains": [
            "fixture.test",
          ],
          "type": "domains",
        },
        "secret": false,
      },
      {
        "caveats": [],
        "crossSite": false,
        "direction": "request",
        "display": "spanning",
        "enabled": true,
        "header": "x-spanning",
        "headerKey": "x-spanning",
        "key": "rule:["active","spanning",0]",
        "operation": "set",
        "outcome": {
          "kind": "partial",
          "reason": {
            "kind": "ungranted",
            "missing": [
              "*://*.fixture.test/*",
              "*://*.ungranted.example/*",
            ],
          },
          "scope": {
            "domains": [
              "fixture.test",
            ],
            "kind": "sites",
            "origins": [
              "https://fixture.test",
            ],
          },
        },
        "paused": false,
        "profileId": "active",
        "provenance": {
          "badgeText": "AC",
          "color": "blue",
          "name": "Active",
          "profileId": "active",
        },
        "ruleId": "spanning",
        "scope": {
          "domains": [
            "fixture.test",
            "ungranted.example",
          ],
          "type": "domains",
        },
        "secret": false,
      },
      {
        "caveats": [],
        "crossSite": true,
        "direction": "request",
        "display": "broad",
        "enabled": true,
        "header": "x-broad",
        "headerKey": "x-broad",
        "key": "rule:["active","broad",0]",
        "operation": "set",
        "outcome": {
          "kind": "absent",
          "reason": {
            "kind": "ungranted",
            "missing": [
              "*://*/*",
            ],
          },
        },
        "paused": false,
        "profileId": "active",
        "provenance": {
          "badgeText": "AC",
          "color": "blue",
          "name": "Active",
          "profileId": "active",
        },
        "ruleId": "broad",
        "scope": {
          "type": "all",
        },
        "secret": false,
      },
      {
        "caveats": [
          "security-response",
        ],
        "crossSite": false,
        "direction": "response",
        "display": "secured",
        "enabled": true,
        "header": "content-security-policy",
        "headerKey": "content-security-policy",
        "key": "rule:["active","secured",0]",
        "operation": "set",
        "outcome": {
          "kind": "partial",
          "reason": {
            "kind": "ungranted",
            "missing": [
              "*://*.fixture.test/*",
            ],
          },
          "scope": {
            "domains": [
              "fixture.test",
            ],
            "kind": "sites",
            "origins": [
              "https://fixture.test",
            ],
          },
        },
        "paused": false,
        "profileId": "active",
        "provenance": {
          "badgeText": "AC",
          "color": "blue",
          "name": "Active",
          "profileId": "active",
        },
        "ruleId": "secured",
        "scope": {
          "domains": [
            "fixture.test",
          ],
          "type": "domains",
        },
        "secret": false,
      },
      {
        "caveats": [],
        "crossSite": false,
        "direction": "request",
        "display": "other-profile",
        "enabled": true,
        "header": "x-other-profile",
        "headerKey": "x-other-profile",
        "key": "rule:["inactive","other-profile",0]",
        "operation": "set",
        "outcome": {
          "kind": "absent",
          "reason": {
            "kind": "other-profile",
            "profileName": "Inactive",
          },
        },
        "paused": false,
        "profileId": "inactive",
        "provenance": {
          "badgeText": "IN",
          "color": "slate",
          "name": "Inactive",
          "profileId": "inactive",
        },
        "ruleId": "other-profile",
        "scope": {
          "domains": [
            "fixture.test",
          ],
          "type": "domains",
        },
        "secret": false,
      },
    ],
    "readout": {
      "held": 0,
      "host": "fixture.test",
      "listed": 9,
      "needsAccess": 2,
      "overridden": 1,
      "overrides": [],
      "refused": 1,
      "request": [
        {
          "caveats": [],
          "direction": "request",
          "display": "placed",
          "enabled": true,
          "header": "x-placed",
          "key": "rule:["active","placed",0]",
          "operation": "set",
          "outcome": {
            "kind": "runs",
          },
          "paused": false,
          "profileId": "active",
          "ruleId": "placed",
          "secret": false,
          "source": "rule",
          "value": "placed",
        },
        {
          "caveats": [],
          "direction": "request",
          "display": "off",
          "enabled": false,
          "header": "x-off",
          "key": "rule:["active","off",0]",
          "operation": "set",
          "outcome": {
            "kind": "absent",
            "reason": {
              "kind": "off",
            },
          },
          "paused": false,
          "profileId": "active",
          "ruleId": "off",
          "secret": false,
          "source": "rule",
          "value": "off",
        },
        {
          "caveats": [],
          "direction": "request",
          "display": "refused",
          "enabled": true,
          "header": ":authority",
          "key": "rule:["active","refused",0]",
          "operation": "set",
          "outcome": {
            "kind": "absent",
            "reason": {
              "kind": "refused",
              "reason": "header",
            },
          },
          "paused": false,
          "profileId": "active",
          "ruleId": "refused",
          "secret": false,
          "source": "rule",
          "value": "refused",
        },
        {
          "caveats": [],
          "direction": "request",
          "display": "ungranted-initiator",
          "enabled": true,
          "header": "x-ungranted-initiator",
          "key": "rule:["active","ungranted-initiator",0]",
          "operation": "set",
          "outcome": {
            "kind": "absent",
            "reason": {
              "kind": "ungranted-initiator",
              "missing": [
                "*://*.initiator.fixture.test/*",
              ],
            },
          },
          "paused": false,
          "profileId": "active",
          "ruleId": "ungranted-initiator",
          "secret": false,
          "source": "rule",
          "value": "ungranted-initiator",
        },
        {
          "caveats": [],
          "direction": "request",
          "display": "container",
          "enabled": true,
          "header": "x-contained",
          "key": "rule:["active","container",0]",
          "operation": "set",
          "outcome": {
            "kind": "runs",
          },
          "paused": false,
          "profileId": "active",
          "ruleId": "container",
          "secret": false,
          "source": "rule",
          "value": "container",
        },
        {
          "caveats": [],
          "direction": "request",
          "display": "contained",
          "enabled": true,
          "header": "x-contained",
          "key": "rule:["active","contained",0]",
          "operation": "set",
          "outcome": {
            "by": "rule:["active","container",0]",
            "kind": "shadowed",
            "label": "x-contained rule",
          },
          "paused": false,
          "profileId": "active",
          "ruleId": "contained",
          "secret": false,
          "source": "rule",
          "value": "contained",
        },
        {
          "caveats": [],
          "direction": "request",
          "display": "spanning",
          "enabled": true,
          "header": "x-spanning",
          "key": "rule:["active","spanning",0]",
          "operation": "set",
          "outcome": {
            "kind": "runs",
          },
          "paused": false,
          "profileId": "active",
          "ruleId": "spanning",
          "secret": false,
          "source": "rule",
          "value": "spanning",
          "widerReach": 1,
        },
        {
          "caveats": [],
          "direction": "request",
          "display": "broad",
          "enabled": true,
          "header": "x-broad",
          "key": "rule:["active","broad",0]",
          "operation": "set",
          "outcome": {
            "kind": "absent",
            "reason": {
              "kind": "ungranted",
              "missing": [
                "*://*/*",
              ],
            },
          },
          "paused": false,
          "profileId": "active",
          "ruleId": "broad",
          "secret": false,
          "source": "rule",
          "value": "broad",
          "widerReach": "broad",
        },
      ],
      "response": [
        {
          "caveats": [
            "security-response",
          ],
          "direction": "response",
          "display": "secured",
          "enabled": true,
          "header": "content-security-policy",
          "key": "rule:["active","secured",0]",
          "operation": "set",
          "outcome": {
            "kind": "runs",
          },
          "paused": false,
          "profileId": "active",
          "ruleId": "secured",
          "secret": false,
          "source": "rule",
          "value": "secured",
        },
      ],
      "security": 1,
      "total": 4,
      "transport": 0,
      "unconfirmed": 0,
    },
  },
}
`;
